// Jest Snapshot v1, https://goo.gl/fbAQLP

exports[`Tests on <SearcPage /> component should show default values 1`] = `
<div>
  <h1
    class="text-3xl font-bold mt-5"
  >
    Search
  </h1>
  <hr
    class="mt-5 mb-5"
  />
  <div
    class="flex flex-wrap mt-5"
  >
    <div
      class="w-full md:w-4/12"
    >
      <h4
        class="text-xl font-semibold"
      >
        Searching
      </h4>
      <hr
        class="my-2"
      />
      <form
        class="flex flex-col"
      >
        <input
          autocomplete="off"
          class="flex-1 rounded-sm"
          name="searchText"
          placeholder="Search a hero"
          type="text"
          value=""
        />
        <button
          class="w-1/3 mt-2 px-4 py-2 bg-blue-500 text-white rounded-md hover:bg-blue-600 focus:outline-none focus:bg-blue-600 focus:ring focus:ring-blue-300"
          type="submit"
        >
          Search
        </button>
      </form>
    </div>
    <div
      class="w-full md:w-4/6 px-4"
    >
      <h4
        class="text-xl font-semibold"
      >
        Results
      </h4>
      <hr
        class="my-2"
      />
      <div
        class="bg-blue-100 rounded-md border border-blue-500 text-blue-700 p-4 mb-4 animate__animated animate__fadeIn"
        role="alert"
      >
        Search a hero
      </div>
    </div>
  </div>
</div>
`;
